  Determining projects to restore...
  All projects are up-to-date for restore.
  Thaivia.Core -> /home/user/Thaivia/game/bin/Debug/net8.0/Thaivia.Core.dll
  Thaivia.Core.Tests -> /home/user/Thaivia/game/Thaivia.Core.Tests/bin/Debug/net8.0/Thaivia.Core.Tests.dll
Test run for /home/user/Thaivia/game/Thaivia.Core.Tests/bin/Debug/net8.0/Thaivia.Core.Tests.dll (.NETCoreApp,Version=v8.0)
Microsoft (R) Test Execution Command Line Tool Version 17.8.0 (x64)
Copyright (c) Microsoft Corporation.  All rights reserved.

Starting test execution, please wait...
A total of 1 test files matched the specified pattern.
/home/user/Thaivia/game/Thaivia.Core.Tests/bin/Debug/net8.0/Thaivia.Core.Tests.dll
[xUnit.net 00:00:00.00] xUnit.net VSTest Adapter v2.4.5+1caef2f33e (64-bit .NET 8.0.31)
[xUnit.net 00:00:00.28]   Discovering: Thaivia.Core.Tests
[xUnit.net 00:00:00.34]   Discovered:  Thaivia.Core.Tests
[xUnit.net 00:00:00.34]   Starting:    Thaivia.Core.Tests
[xUnit.net 00:00:00.40]   Finished:    Thaivia.Core.Tests
  Passed Thaivia.Core.Tests.Simulation.Mobility.IncidentEngineTests.IncidentRate_IsHardBoundedOverALongRun_NeverPerTickSpawning [5 ms]
  Standard Output Messages:
 IncidentsTriggered over 100000 ticks: 2778 (theoretical max: 2858, MinimumFullCycleTicks: 35)



Test Run Successful.
Total tests: 1
     Passed: 1
 Total time: 0.9367 Seconds
