  Determining projects to restore...
  All projects are up-to-date for restore.
  Thaivia.Core -> /home/user/Thaivia/game/bin/Debug/net8.0/Thaivia.Core.dll
  Thaivia.Core.Tests -> /home/user/Thaivia/game/Thaivia.Core.Tests/bin/Debug/net8.0/Thaivia.Core.Tests.dll
Test run for /home/user/Thaivia/game/Thaivia.Core.Tests/bin/Debug/net8.0/Thaivia.Core.Tests.dll (.NETCoreApp,Version=v8.0)
Microsoft (R) Test Execution Command Line Tool Version 17.8.0 (x64)
Copyright (c) Microsoft Corporation.  All rights reserved.

Starting test execution, please wait...
A total of 1 test files matched the specified pattern.
/home/user/Thaivia/game/Thaivia.Core.Tests/bin/Debug/net8.0/Thaivia.Core.Tests.dll
[xUnit.net 00:00:00.00] xUnit.net VSTest Adapter v2.4.5+1caef2f33e (64-bit .NET 8.0.31)
[xUnit.net 00:00:00.34]   Discovering: Thaivia.Core.Tests
[xUnit.net 00:00:00.42]   Discovered:  Thaivia.Core.Tests
[xUnit.net 00:00:00.43]   Starting:    Thaivia.Core.Tests
[xUnit.net 00:00:00.49]   Finished:    Thaivia.Core.Tests
  Passed Thaivia.Core.Tests.Simulation.Mobility.SignalsTests.AdaptiveSignal_ImprovesTheBusyApproach_ButMeasurablyWorsensTheLightApproach_ComparedToFixed [7 ms]
  Standard Output Messages:
 Fixed    -- avg queue A: 3991.00, avg queue B: 2010.50, final queue A: 8000, final queue B: 4000
 Adaptive -- avg queue A: 3440.37, avg queue B: 2561.13, final queue A: 6900, final queue B: 5100
 Adaptive final green split -- A: 11, B: 9 (fixed split is always 10/10)



Test Run Successful.
Total tests: 1
     Passed: 1
 Total time: 1.0283 Seconds
