  Determining projects to restore...
  All projects are up-to-date for restore.
  Thaivia.Core -> /home/user/Thaivia/game/bin/Debug/net8.0/Thaivia.Core.dll
  Thaivia.Core.Tests -> /home/user/Thaivia/game/Thaivia.Core.Tests/bin/Debug/net8.0/Thaivia.Core.Tests.dll
Test run for /home/user/Thaivia/game/Thaivia.Core.Tests/bin/Debug/net8.0/Thaivia.Core.Tests.dll (.NETCoreApp,Version=v8.0)
Microsoft (R) Test Execution Command Line Tool Version 17.8.0 (x64)
Copyright (c) Microsoft Corporation.  All rights reserved.

Starting test execution, please wait...
A total of 1 test files matched the specified pattern.
/home/user/Thaivia/game/Thaivia.Core.Tests/bin/Debug/net8.0/Thaivia.Core.Tests.dll
[xUnit.net 00:00:00.00] xUnit.net VSTest Adapter v2.4.5+1caef2f33e (64-bit .NET 8.0.31)
[xUnit.net 00:00:00.25]   Discovering: Thaivia.Core.Tests
[xUnit.net 00:00:00.32]   Discovered:  Thaivia.Core.Tests
[xUnit.net 00:00:00.32]   Starting:    Thaivia.Core.Tests
[xUnit.net 00:00:00.46]   Finished:    Thaivia.Core.Tests
  Passed Thaivia.Core.Tests.Simulation.BeforeAfterComparisonTests.RebuildBaseline_IsAvailableAtAnyPoint_EvenAfterManyProjectsAndTicksHaveRun_AndReproducesExactly [86 ms]
  Standard Output Messages:
 Baseline Access for the relocated cohort, rebuilt before AND after the relocation+ticks: 0 == 0 (identical).


  Passed Thaivia.Core.Tests.Simulation.BeforeAfterComparisonTests.CompareAccessibilityScore_ShowsARealMeasuredDelta_AcrossARelocation [1 ms]
  Standard Output Messages:
 Accessibility score for the relocated building: before=0, after=98, delta=98.


  Passed Thaivia.Core.Tests.Simulation.BeforeAfterComparisonTests.RebuildBaseline_OnAWorldWithNoProjectsCommittedYet_MatchesTheLiveWorldExactly [< 1 ms]

Test Run Successful.
Total tests: 3
     Passed: 3
 Total time: 1.0338 Seconds
