  Determining projects to restore...
  All projects are up-to-date for restore.
  Thaivia.Core -> /home/user/Thaivia/game/bin/Debug/net8.0/Thaivia.Core.dll
  Thaivia.Core.Tests -> /home/user/Thaivia/game/Thaivia.Core.Tests/bin/Debug/net8.0/Thaivia.Core.Tests.dll
Test run for /home/user/Thaivia/game/Thaivia.Core.Tests/bin/Debug/net8.0/Thaivia.Core.Tests.dll (.NETCoreApp,Version=v8.0)
Microsoft (R) Test Execution Command Line Tool Version 17.8.0 (x64)
Copyright (c) Microsoft Corporation.  All rights reserved.

Starting test execution, please wait...
A total of 1 test files matched the specified pattern.
/home/user/Thaivia/game/Thaivia.Core.Tests/bin/Debug/net8.0/Thaivia.Core.Tests.dll
[xUnit.net 00:00:00.00] xUnit.net VSTest Adapter v2.4.5+1caef2f33e (64-bit .NET 8.0.31)
[xUnit.net 00:00:00.29]   Discovering: Thaivia.Core.Tests
[xUnit.net 00:00:00.35]   Discovered:  Thaivia.Core.Tests
[xUnit.net 00:00:00.35]   Starting:    Thaivia.Core.Tests
[xUnit.net 00:00:00.46]   Finished:    Thaivia.Core.Tests
  Passed Thaivia.Core.Tests.Simulation.ScenarioProgressionTests.Evaluate_DoesNotMutateTheWorld [40 ms]
  Passed Thaivia.Core.Tests.Simulation.ScenarioProgressionTests.UnlockingAnObjective_IsNotTheSameAsCompletingIt [16 ms]
  Standard Output Messages:
 Budget after relocation: 50000 (reserve objective needs 100,000) -- reserve objective correctly still InProgress, not Completed.


  Passed Thaivia.Core.Tests.Simulation.ScenarioProgressionTests.AllObjectives_StartAsInProgressOrLocked_NeverCompleted_OnAFreshWorld [< 1 ms]
  Passed Thaivia.Core.Tests.Simulation.ScenarioProgressionTests.AllOfCheck_RequiresEveryComponentCheck_NotJustOne [< 1 ms]
  Passed Thaivia.Core.Tests.Simulation.ScenarioProgressionTests.Evaluate_NeverEvaluatesALockedObjectivesCheck_SpyControlTest [< 1 ms]
  Passed Thaivia.Core.Tests.Simulation.ScenarioProgressionTests.Objectives_UnlockInOrder_AsRealCommandsSatisfyThem_EndingScenarioComplete [3 ms]
  Standard Output Messages:
 After relocation: commit-a-project=Completed, reach-high-access=Completed, keep-reserve=Completed (accessibility now 98).



Test Run Successful.
Total tests: 6
     Passed: 6
 Total time: 1.0391 Seconds
