  Determining projects to restore...
  All projects are up-to-date for restore.
  Thaivia.Core -> /home/user/Thaivia/game/bin/Debug/net8.0/Thaivia.Core.dll
  Thaivia.Core.Tests -> /home/user/Thaivia/game/Thaivia.Core.Tests/bin/Debug/net8.0/Thaivia.Core.Tests.dll
Test run for /home/user/Thaivia/game/Thaivia.Core.Tests/bin/Debug/net8.0/Thaivia.Core.Tests.dll (.NETCoreApp,Version=v8.0)
Microsoft (R) Test Execution Command Line Tool Version 17.8.0 (x64)
Copyright (c) Microsoft Corporation.  All rights reserved.

Starting test execution, please wait...
A total of 1 test files matched the specified pattern.
/home/user/Thaivia/game/Thaivia.Core.Tests/bin/Debug/net8.0/Thaivia.Core.Tests.dll
[xUnit.net 00:00:00.00] xUnit.net VSTest Adapter v2.4.5+1caef2f33e (64-bit .NET 8.0.31)
[xUnit.net 00:00:00.30]   Discovering: Thaivia.Core.Tests
[xUnit.net 00:00:00.37]   Discovered:  Thaivia.Core.Tests
[xUnit.net 00:00:00.37]   Starting:    Thaivia.Core.Tests
[xUnit.net 00:00:00.48]   Finished:    Thaivia.Core.Tests
  Passed Thaivia.Core.Tests.Simulation.BudgetConstrainedTradeOffTests.WithSufficientBudgetForBoth_NeitherIsForeclosed_ControlCase [48 ms]
  Passed Thaivia.Core.Tests.Simulation.BudgetConstrainedTradeOffTests.CommittingCohortAsRoad_MeasurablyHelpsA_AndForecloses_MeasurablyLeavesBUnhelped [4 ms]
  Standard Output Messages:
 BEFORE -- cohort A: Access=0, Economy=0 | cohort B: Access=0, Economy=0
 AFTER committing A's road -- cohort A: Access=40, Economy=5 | cohort B: Access=0, Economy=0
 Budget remaining: 100000 (B's road needs 250000).
 Attempting B's road after A was committed: FAILED as expected -- insufficient available budget: need 250000, have 100000.


  Passed Thaivia.Core.Tests.Simulation.BudgetConstrainedTradeOffTests.CommittingCohortBsRoadInstead_MeasurablyHelpsB_AndForecloses_MeasurablyLeavesAUnhelped [1 ms]
  Standard Output Messages:
 AFTER committing B's road instead -- cohort B: Access=40, Economy=5 | cohort A: Access=0, Economy=0
 Budget remaining: 50000 (A's road needs 200000).
 Attempting A's road after B was committed: FAILED as expected -- insufficient available budget: need 200000, have 50000.



Test Run Successful.
Total tests: 3
     Passed: 3
 Total time: 1.0183 Seconds
