Build started 09/26/2026 18:06:29.
     1>Project "/home/user/Thaivia/game/Thaivia.sln" on node 1 (Restore target(s)).
     1>ValidateSolutionConfiguration:
         Building solution configuration "Debug|Any CPU".
       _GetAllRestoreProjectPathItems:
         Determining projects to restore...
       Restore:
         X.509 certificate chain validation will use the fallback certificate bundle at '/usr/lib/dotnet/sdk/8.0.131/trustedroots/codesignctl.pem'.
         X.509 certificate chain validation will use the fallback certificate bundle at '/usr/lib/dotnet/sdk/8.0.131/trustedroots/timestampctl.pem'.
         Assets file has not changed. Skipping assets file writing. Path: /home/user/Thaivia/game/Thaivia.Core.Tests/obj/project.assets.json
         Assets file has not changed. Skipping assets file writing. Path: /home/user/Thaivia/game/obj/project.assets.json
         Restored /home/user/Thaivia/game/Thaivia.Core.csproj (in 36 ms).
         Restored /home/user/Thaivia/game/Thaivia.Core.Tests/Thaivia.Core.Tests.csproj (in 36 ms).
         
         NuGet Config files used:
             /root/.nuget/NuGet/NuGet.Config
         
         Feeds used:
             https://api.nuget.org/v3/index.json
         All projects are up-to-date for restore.
     1>Done Building Project "/home/user/Thaivia/game/Thaivia.sln" (Restore target(s)).
   1:2>Project "/home/user/Thaivia/game/Thaivia.sln" on node 1 (VSTest target(s)).
     1>ValidateSolutionConfiguration:
         Building solution configuration "Debug|Any CPU".
   1:2>Project "/home/user/Thaivia/game/Thaivia.sln" (1:2) is building "/home/user/Thaivia/game/Thaivia.Core.Tests/Thaivia.Core.Tests.csproj" (3:6) on node 2 (VSTest target(s)).
     3>BuildProject:
         Build started, please wait...
   3:6>Project "/home/user/Thaivia/game/Thaivia.Core.Tests/Thaivia.Core.Tests.csproj" (3:6) is building "/home/user/Thaivia/game/Thaivia.Core.Tests/Thaivia.Core.Tests.csproj" (3:7) on node 2 (default targets).
   3:7>Project "/home/user/Thaivia/game/Thaivia.Core.Tests/Thaivia.Core.Tests.csproj" (3:7) is building "/home/user/Thaivia/game/Thaivia.Core.csproj" (2:9) on node 1 (default targets).
     2>GenerateTargetFrameworkMonikerAttribute:
       Skipping target "GenerateTargetFrameworkMonikerAttribute" because all output files are up-to-date with respect to the input files.
       CoreGenerateAssemblyInfo:
       Skipping target "CoreGenerateAssemblyInfo" because all output files are up-to-date with respect to the input files.
       _GenerateSourceLinkFile:
         Source Link file 'obj/Debug/net8.0/Thaivia.Core.sourcelink.json' is up-to-date.
       CoreCompile:
       Skipping target "CoreCompile" because all output files are up-to-date with respect to the input files.
       GenerateBuildDependencyFile:
       Skipping target "GenerateBuildDependencyFile" because all output files are up-to-date with respect to the input files.
       CopyFilesToOutputDirectory:
         Thaivia.Core -> /home/user/Thaivia/game/bin/Debug/net8.0/Thaivia.Core.dll
     2>Done Building Project "/home/user/Thaivia/game/Thaivia.Core.csproj" (default targets).
     3>GenerateTargetFrameworkMonikerAttribute:
       Skipping target "GenerateTargetFrameworkMonikerAttribute" because all output files are up-to-date with respect to the input files.
       CoreGenerateAssemblyInfo:
       Skipping target "CoreGenerateAssemblyInfo" because all output files are up-to-date with respect to the input files.
       _GenerateSourceLinkFile:
         Source Link file 'obj/Debug/net8.0/Thaivia.Core.Tests.sourcelink.json' is up-to-date.
       CoreCompile:
       Skipping target "CoreCompile" because all output files are up-to-date with respect to the input files.
       _CopyOutOfDateSourceItemsToOutputDirectory:
       Skipping target "_CopyOutOfDateSourceItemsToOutputDirectory" because all output files are up-to-date with respect to the input files.
       GenerateBuildDependencyFile:
       Skipping target "GenerateBuildDependencyFile" because all output files are up-to-date with respect to the input files.
       GenerateBuildRuntimeConfigurationFiles:
       Skipping target "GenerateBuildRuntimeConfigurationFiles" because all output files are up-to-date with respect to the input files.
       CopyFilesToOutputDirectory:
         Thaivia.Core.Tests -> /home/user/Thaivia/game/Thaivia.Core.Tests/bin/Debug/net8.0/Thaivia.Core.Tests.dll
     3>Done Building Project "/home/user/Thaivia/game/Thaivia.Core.Tests/Thaivia.Core.Tests.csproj" (default targets).
     3>BuildProject:
         Build completed.
         
Test run for /home/user/Thaivia/game/Thaivia.Core.Tests/bin/Debug/net8.0/Thaivia.Core.Tests.dll (.NETCoreApp,Version=v8.0)
Microsoft (R) Test Execution Command Line Tool Version 17.8.0 (x64)
Copyright (c) Microsoft Corporation.  All rights reserved.

Starting test execution, please wait...
A total of 1 test files matched the specified pattern.
[xUnit.net 00:00:00.00] xUnit.net VSTest Adapter v2.4.5+1caef2f33e (64-bit .NET 8.0.31)
[xUnit.net 00:00:00.33]   Discovering: Thaivia.Core.Tests
[xUnit.net 00:00:00.41]   Discovered:  Thaivia.Core.Tests
[xUnit.net 00:00:00.41]   Starting:    Thaivia.Core.Tests
  Passed Thaivia.Core.Tests.Simulation.UtilityCoverageFormulaTests.ReachScore_IsZeroWhenUnreachable [5 ms]
  Passed Thaivia.Core.Tests.Simulation.UtilityCoverageFormulaTests.IsExhausted_MatchesDemandVsCapacity(demand: 5, capacity: 10, expectedExhausted: False) [2 ms]
  Passed Thaivia.Core.Tests.Simulation.UtilityCoverageFormulaTests.IsExhausted_MatchesDemandVsCapacity(demand: 11, capacity: 10, expectedExhausted: True) [< 1 ms]
  Passed Thaivia.Core.Tests.Simulation.UtilityCoverageFormulaTests.IsExhausted_MatchesDemandVsCapacity(demand: 10, capacity: 10, expectedExhausted: False) [< 1 ms]
  Passed Thaivia.Core.Tests.Simulation.UtilityCoverageFormulaTests.ComputeScore_ZeroCapacityWithAnyDemand_IsZero_NeverUnlimited [< 1 ms]
  Passed Thaivia.Core.Tests.Simulation.UtilityCoverageFormulaTests.UtilizationFraction_ZeroCapacityWithDemand_IsPositiveInfinity_NeverTreatedAsFree [4 ms]
  Passed Thaivia.Core.Tests.Simulation.UtilityCoverageFormulaTests.ComputeScore_UnderCapacity_ReportsFullReachScore_NoPenalty [< 1 ms]
  Passed Thaivia.Core.Tests.Simulation.UtilityCoverageFormulaTests.ComputeScore_OverCapacity_DegradesBelowTheReachOnlyScore [< 1 ms]
[xUnit.net 00:00:00.55]   Finished:    Thaivia.Core.Tests
  Passed Thaivia.Core.Tests.Simulation.UtilityCoverageFormulaTests.ReachScore_IsFullAtZeroDistance [< 1 ms]
  Passed Thaivia.Core.Tests.Simulation.UtilityCoverageFormulaTests.ComputeScore_UnreachableSource_IsZeroRegardlessOfCapacity [< 1 ms]
  Passed Thaivia.Core.Tests.Simulation.UtilityCoverageFormulaTests.ReachScore_IsZeroAtOrBeyondReferenceDistance [< 1 ms]
  Passed Thaivia.Core.Tests.Simulation.UtilityCoverageWorldStateTests.CapacityExhaustion_DegradesCoverageComparedToAmpleCapacity_SameGeometryAndDemand [52 ms]
  Passed Thaivia.Core.Tests.Simulation.UtilityCoverageWorldStateTests.UtilitySource_RejectsNegativeCapacity [< 1 ms]
  Passed Thaivia.Core.Tests.Simulation.UtilityCoverageWorldStateTests.CohortNeedsCalculator_NewOverload_CarriesTheGivenUtilitiesScore_OldOverloadsKeepTheBaseline [< 1 ms]
  Passed Thaivia.Core.Tests.Simulation.UtilityCoverageWorldStateTests.AdversarialFixture_NetworkReachDiffersMateriallyFromStraightLineDistance [1 ms]
  Passed Thaivia.Core.Tests.Simulation.UtilityCoverageWorldStateTests.AddUtilitySource_RejectsANodeIdNotInTheRoadGraph [< 1 ms]
  Passed Thaivia.Core.Tests.Simulation.UtilityCoverageWorldStateTests.NoRegisteredSourceOfKind_ScoresZero_NotAssumedFine [< 1 ms]

Test Run Successful.
Total tests: 17
     Passed: 17
 Total time: 1.0967 Seconds
     3>Done Building Project "/home/user/Thaivia/game/Thaivia.Core.Tests/Thaivia.Core.Tests.csproj" (VSTest target(s)).
     1>Done Building Project "/home/user/Thaivia/game/Thaivia.sln" (VSTest target(s)).

Build succeeded.
    0 Warning(s)
    0 Error(s)

Time Elapsed 00:00:03.33
