  Determining projects to restore...
  All projects are up-to-date for restore.
  Thaivia.Core -> /home/user/Thaivia/game/bin/Release/net8.0/Thaivia.Core.dll
  Thaivia.Core.Tests -> /home/user/Thaivia/game/Thaivia.Core.Tests/bin/Release/net8.0/Thaivia.Core.Tests.dll
Test run for /home/user/Thaivia/game/Thaivia.Core.Tests/bin/Release/net8.0/Thaivia.Core.Tests.dll (.NETCoreApp,Version=v8.0)
Microsoft (R) Test Execution Command Line Tool Version 17.8.0 (x64)
Copyright (c) Microsoft Corporation.  All rights reserved.

Starting test execution, please wait...
A total of 1 test files matched the specified pattern.
/home/user/Thaivia/game/Thaivia.Core.Tests/bin/Release/net8.0/Thaivia.Core.Tests.dll
[xUnit.net 00:00:00.00] xUnit.net VSTest Adapter v2.4.5+1caef2f33e (64-bit .NET 8.0.31)
[xUnit.net 00:00:00.57]   Discovering: Thaivia.Core.Tests
[xUnit.net 00:00:00.70]   Discovered:  Thaivia.Core.Tests
[xUnit.net 00:00:00.70]   Starting:    Thaivia.Core.Tests
[xUnit.net 00:00:03.51]   Finished:    Thaivia.Core.Tests
  Passed Thaivia.Core.Tests.Simulation.Mobility.TempMaxSpikeDiagnosisTests.CorrelateMaxTickWithGcActivity [2 s]
  Standard Output Messages:
 Top 10 slowest ticks and their per-tick GC collection deltas (gen0/gen1/gen2):
   tick 337: 18.6542 ms, gen0=1, gen1=0, gen2=0
   tick 916: 13.5512 ms, gen0=1, gen1=1, gen2=0
   tick 250: 6.2125 ms, gen0=0, gen1=0, gen2=0
   tick 141: 5.8341 ms, gen0=0, gen1=0, gen2=0
   tick 120: 4.4428 ms, gen0=0, gen1=0, gen2=0
   tick 6: 4.1539 ms, gen0=0, gen1=0, gen2=0
   tick 29: 3.7124 ms, gen0=0, gen1=0, gen2=0
   tick 11: 3.5891 ms, gen0=0, gen1=0, gen2=0
   tick 3: 3.5691 ms, gen0=0, gen1=0, gen2=0
   tick 252: 3.5485 ms, gen0=0, gen1=0, gen2=0
 Total ticks (of 9000) with any GC collection during them: 15
 Did the single slowest tick coincide with a GC collection? True



Test Run Successful.
Total tests: 1
     Passed: 1
 Total time: 4.2206 Seconds
