  Determining projects to restore...
  All projects are up-to-date for restore.
  Thaivia.Core -> /home/user/Thaivia/game/bin/Debug/net8.0/Thaivia.Core.dll
  Thaivia.Core.Tests -> /home/user/Thaivia/game/Thaivia.Core.Tests/bin/Debug/net8.0/Thaivia.Core.Tests.dll
Test run for /home/user/Thaivia/game/Thaivia.Core.Tests/bin/Debug/net8.0/Thaivia.Core.Tests.dll (.NETCoreApp,Version=v8.0)
Microsoft (R) Test Execution Command Line Tool Version 17.8.0 (x64)
Copyright (c) Microsoft Corporation.  All rights reserved.

Starting test execution, please wait...
A total of 1 test files matched the specified pattern.
/home/user/Thaivia/game/Thaivia.Core.Tests/bin/Debug/net8.0/Thaivia.Core.Tests.dll
[xUnit.net 00:00:00.00] xUnit.net VSTest Adapter v2.4.5+1caef2f33e (64-bit .NET 8.0.31)
[xUnit.net 00:00:00.36]   Discovering: Thaivia.Core.Tests
[xUnit.net 00:00:00.45]   Discovered:  Thaivia.Core.Tests
[xUnit.net 00:00:00.46]   Starting:    Thaivia.Core.Tests
[xUnit.net 00:00:00.57]   Finished:    Thaivia.Core.Tests
  Passed Thaivia.Core.Tests.Simulation.Mobility.PlayerBuiltConnectorCongestionTests.PlayerBuiltConnector_CarriesAMeaningfulShareOfDemand_AndQueuesWhenOverloaded_LikeASourceWayWould [47 ms]
  Standard Output Messages:
 Total demand over 200 ticks: 2400
 Short real way: 735 arrivals, ending backlog 335
 Player-built connector: 1665 arrivals, ending backlog 65
 Connector share of total demand: 69.4 %


  Passed Thaivia.Core.Tests.Simulation.Mobility.PlayerBuiltConnectorCongestionTests.PlayerBuiltConnector_NowParticipatesInAssignmentAndCapacity_NotExcludedAsSynthetic [2 ms]

Test Run Successful.
Total tests: 2
     Passed: 2
 Total time: 1.1898 Seconds
